// Jest Snapshot v1, https://goo.gl/fbAQLP

exports[`BorderBox renders consistently 1`] = `
.c0 {
  border-width: 1px;
  border-style: solid;
  border-color: var(--border-default,#d0d7de);
  border-radius: 6px;
}

<div
  className="c0"
/>
`;
