// Jest Snapshot v1, https://goo.gl/fbAQLP

exports[`ConfirmationDialog renders consistently 1`] = `
.c0 {
  font-family: -apple-system,BlinkMacSystemFont,"Segoe UI","Noto Sans",Helvetica,Arial,sans-serif,"Apple Color Emoji","Segoe UI Emoji";
  line-height: 1.5;
  color: var(--fg-default,#24292f);
}

.c1 {
  position: relative;
  display: inline-block;
  padding: 6px 16px;
  font-family: inherit;
  font-weight: 600;
  line-height: 20px;
  white-space: nowrap;
  vertical-align: middle;
  cursor: pointer;
  -webkit-user-select: none;
  -moz-user-select: none;
  -ms-user-select: none;
  user-select: none;
  border-radius: 6px;
  -webkit-appearance: none;
  -moz-appearance: none;
  appearance: none;
  -webkit-text-decoration: none;
  text-decoration: none;
  text-align: center;
  font-size: 14px;
  color: var(--btn-text,#24292f);
  background-color: var(--btn-bg,#f6f8fa);
  border: 1px solid var(--btn-border,rgba(27,31,36,0.15));
  box-shadow: var(--btn-shadow,0 1px 0 rgba(27,31,36,0.04)),var(--btn-insetShadow,inset 0 1px 0 rgba(255,255,255,0.25));
}

.c1:hover {
  -webkit-text-decoration: none;
  text-decoration: none;
}

.c1:focus {
  outline: none;
}

.c1:disabled {
  cursor: default;
}

.c1:disabled svg {
  opacity: 0.6;
}

.c1:hover {
  background-color: var(--btn-hoverBg,#f3f4f6);
  border-color: var(--btn-hoverBorder,rgba(27,31,36,0.15));
}

.c1:focus {
  outline: solid 2px var(--accent-fg,#0969da);
}

.c1:active {
  background-color: var(--btn-selectedBg,hsla(220,14%,94%,1));
}

.c1:disabled {
  color: var(--primer-fg-disabled,#8c959f);
  background-color: var(--btn-bg,#f6f8fa);
  border-color: var(--btn-border,rgba(27,31,36,0.15));
}

<div
  className="c0"
  color="fg.default"
  data-portal-root={true}
  fontFamily="normal"
>
  <button
    className="c1"
    onClick={[Function]}
  >
    Show dialog
  </button>
</div>
`;
