// Jest Snapshot v1, https://goo.gl/fbAQLP

exports[`Dropdown renders consistently 1`] = `
.c0 {
  position: relative;
  display: inline-block;
}

.c0 > summary {
  list-style: none;
}

.c0 > summary::-webkit-details-marker {
  display: none;
}

<details
  className="c0"
  onToggle={[Function]}
>
  Hello!
</details>
`;

exports[`Dropdown.Button renders consistently 1`] = `
.c0 {
  position: relative;
  display: inline-block;
  padding: 6px 16px;
  font-family: inherit;
  font-weight: 600;
  line-height: 20px;
  white-space: nowrap;
  vertical-align: middle;
  cursor: pointer;
  -webkit-user-select: none;
  -moz-user-select: none;
  -ms-user-select: none;
  user-select: none;
  border-radius: 6px;
  -webkit-appearance: none;
  -moz-appearance: none;
  appearance: none;
  -webkit-text-decoration: none;
  text-decoration: none;
  text-align: center;
  font-size: 14px;
  color: var(--btn-text,#24292f);
  background-color: var(--btn-bg,#f6f8fa);
  border: 1px solid var(--btn-border,rgba(27,31,36,0.15));
  box-shadow: var(--btn-shadow,0 1px 0 rgba(27,31,36,0.04)),var(--btn-insetShadow,inset 0 1px 0 rgba(255,255,255,0.25));
}

.c0:hover {
  -webkit-text-decoration: none;
  text-decoration: none;
}

.c0:focus {
  outline: none;
}

.c0:disabled {
  cursor: default;
}

.c0:disabled svg {
  opacity: 0.6;
}

.c0:hover {
  background-color: var(--btn-hoverBg,#f3f4f6);
  border-color: var(--btn-hoverBorder,rgba(27,31,36,0.15));
}

.c0:focus {
  outline: solid 2px var(--accent-fg,#0969da);
}

.c0:active {
  background-color: var(--btn-selectedBg,hsla(220,14%,94%,1));
}

.c0:disabled {
  color: var(--primer-fg-disabled,#8c959f);
  background-color: var(--btn-bg,#f6f8fa);
  border-color: var(--btn-border,rgba(27,31,36,0.15));
}

.c1 {
  border: 4px solid transparent;
  margin-left: 12px;
  border-top-color: currentcolor;
  border-bottom-width: 0;
  content: '';
  display: inline-block;
  height: 0;
  vertical-align: middle;
  width: 0;
}

<summary
  aria-haspopup="true"
  className="c0"
>
  Hello!
  <div
    className="c1"
  />
</summary>
`;

exports[`Dropdown.Caret renders consistently 1`] = `
.c0 {
  border: 4px solid transparent;
  margin-left: 12px;
  border-top-color: currentcolor;
  border-bottom-width: 0;
  content: '';
  display: inline-block;
  height: 0;
  vertical-align: middle;
  width: 0;
}

<div
  className="c0"
/>
`;

exports[`Dropdown.Item renders consistently 1`] = `
.c0 {
  display: block;
  padding: 4px 10px 4px 15px;
  overflow: hidden;
  color: var(--fg-default,#24292f);
  text-overflow: ellipsis;
  white-space: nowrap;
}

.c0 a {
  color: var(--fg-default,#24292f);
  -webkit-text-decoration: none;
  text-decoration: none;
  display: block;
  overflow: hidden;
  color: var(--fg-default,#24292f);
  text-overflow: ellipsis;
  white-space: nowrap;
}

.c0:focus,
.c0 a:focus {
  color: var(--fg-onEmphasis,#ffffff);
  -webkit-text-decoration: none;
  text-decoration: none;
  background-color: var(--accent-emphasis,#0969da);
}

.c0:hover,
.c0:hover a {
  color: var(--fg-onEmphasis,#ffffff);
  -webkit-text-decoration: none;
  text-decoration: none;
  background-color: var(--accent-emphasis,#0969da);
  outline: none;
}

<li
  className="c0"
>
  Hello!
</li>
`;

exports[`Dropdown.Menu renders consistently 1`] = `
.c0 {
  background-clip: padding-box;
  background-color: var(--canvas-overlay,#ffffff);
  border: 1px solid var(--border-default,#d0d7de);
  border-radius: 6px;
  box-shadow: var(--shadow-large,0 8px 24px rgba(140,149,159,0.2));
  left: 0;
  list-style: none;
  margin-top: 2px;
  padding: 5px 0 5px 0 !important;
  position: absolute;
  top: 100%;
  width: 160px;
  z-index: 100;
  right: 0;
  left: auto;
}

.c0::before {
  position: absolute;
  display: inline-block;
  content: '';
}

.c0::after {
  position: absolute;
  display: inline-block;
  content: '';
}

.c0::before {
  border: 8px solid transparent;
  border-bottom-color: var(--canvas-overlay,#ffffff);
}

.c0::after {
  border: 7px solid transparent;
  border-bottom-color: var(--canvas-overlay,#ffffff);
}

.c0 > ul {
  list-style: none;
}

.c0::before {
  top: -16px;
  right: 9px;
  left: auto;
}

.c0::after {
  top: -14px;
  right: 10px;
  left: auto;
}

<ul
  className="c0"
  direction="sw"
>
  <li>
    1
  </li>
  <li>
    2
  </li>
  <li>
    3
  </li>
</ul>
`;
