// Jest Snapshot v1, https://goo.gl/fbAQLP

exports[`ActionMenu renders consistently 1`] = `
.c0 {
  position: relative;
  display: inline-block;
  padding: 6px 16px;
  font-family: inherit;
  font-weight: 600;
  line-height: 20px;
  white-space: nowrap;
  vertical-align: middle;
  cursor: pointer;
  -webkit-user-select: none;
  -moz-user-select: none;
  -ms-user-select: none;
  user-select: none;
  border-radius: 6px;
  -webkit-appearance: none;
  -moz-appearance: none;
  appearance: none;
  -webkit-text-decoration: none;
  text-decoration: none;
  text-align: center;
  font-size: 14px;
  color: var(--btn-text,#24292f);
  background-color: var(--btn-bg,#f6f8fa);
  border: 1px solid var(--btn-border,rgba(27,31,36,0.15));
  box-shadow: var(--btn-shadow,0 1px 0 rgba(27,31,36,0.04)),var(--btn-insetShadow,inset 0 1px 0 rgba(255,255,255,0.25));
}

.c0:hover {
  -webkit-text-decoration: none;
  text-decoration: none;
}

.c0:focus {
  outline: none;
}

.c0:disabled {
  cursor: default;
}

.c0:disabled svg {
  opacity: 0.6;
}

.c0:hover {
  background-color: var(--btn-hoverBg,#f3f4f6);
  border-color: var(--btn-hoverBorder,rgba(27,31,36,0.15));
}

.c0:focus {
  outline: solid 2px var(--accent-fg,#0969da);
}

.c0:active {
  background-color: var(--btn-selectedBg,hsla(220,14%,94%,1));
}

.c0:disabled {
  color: var(--primer-fg-disabled,#8c959f);
  background-color: var(--btn-bg,#f6f8fa);
  border-color: var(--btn-border,rgba(27,31,36,0.15));
}

<button
  aria-haspopup="true"
  aria-label="menu"
  className="c0"
  id="react-aria-1"
  onClick={[Function]}
  onKeyDown={[Function]}
  tabIndex={0}
/>
`;
